[20:58:01] [main/INFO] (FabricLoader/GameProvider) Loading Minecraft 1.21.10 with Fabric Loader 0.18.4
[20:58:01] [main/WARN] (FabricLoader/Knot) Ignoring invalid library path "
[20:58:01] [main/WARN] (FabricLoader/Knot) Ignoring invalid library path C:\Program Files\nodejs\"
[20:58:02] [main/INFO] (FabricLoader) Loading 71 mods:
	- barrl 1.7.0
	- cloth-config 20.0.149
	   \-- cloth-basic-math 0.6.1
	- cubes-without-borders 3.0.0+mc1.21.5
	- devauth 1.2.1
	- entityculling 1.9.5
	   |-- transition 1.0.11
	   \-- trender 1.0.10
	- fabric-api 0.138.4+1.21.10
	- fabric-api-base 1.0.0+14b92d896f
	- fabric-api-lookup-api-v1 1.6.106+d17682156f
	- fabric-biome-api-v1 16.1.0+c2417d4f6f
	- fabric-block-api-v1 1.1.5+d17682156f
	- fabric-block-view-api-v2 1.0.34+e4fd1b926f
	- fabric-client-gametest-api-v1 4.2.13+14b92d896f
	- fabric-command-api-v2 2.4.0+c0ab2d5d6f
	- fabric-content-registries-v0 10.2.6+b6a242646f
	- fabric-convention-tags-v1 2.1.49+7f945d5b6f
	- fabric-convention-tags-v2 2.17.0+ff7bc77d6f
	- fabric-crash-report-info-v1 0.3.18+33df5e6e6f
	- fabric-data-attachment-api-v1 1.8.33+cd3b9e596f
	- fabric-data-generation-api-v1 23.2.27+d8b85ef16f
	- fabric-dimensions-v1 4.0.22+38b9cc196f
	- fabric-entity-events-v1 2.1.13+fde3702c6f
	- fabric-events-interaction-v0 4.0.36+5ba217126f
	- fabric-game-rule-api-v1 1.1.1+e47eaae56f
	- fabric-gametest-api-v1 3.1.21+33df5e6e6f
	- fabric-item-api-v1 11.5.11+9bce411b6f
	- fabric-item-group-api-v1 4.2.27+86b3ae576f
	- fabric-key-binding-api-v1 1.1.1+b3ba9c486f
	- fabric-language-kotlin 1.13.8+kotlin.2.3.0
	- fabric-lifecycle-events-v1 2.6.9+33df5e6e6f
	- fabric-loot-api-v2 3.0.67+3f89f5a56f
	- fabric-loot-api-v3 2.0.14+d17682156f
	- fabric-message-api-v1 6.1.7+3154c1c86f
	- fabric-model-loading-api-v1 6.0.5+3ffd6ef06f
	- fabric-networking-api-v1 5.1.0+b095d8db6f
	- fabric-object-builder-api-v1 21.1.28+9bce411b6f
	- fabric-particles-v1 4.2.3+a0ee59a46f
	- fabric-recipe-api-v1 8.2.0+39709ef06f
	- fabric-registry-sync-v0 6.1.42+679c8c5c6f
	- fabric-renderer-api-v1 7.2.3+9be2a36e6f
	- fabric-renderer-indigo 4.1.4+9be2a36e6f
	- fabric-rendering-fluids-v1 3.1.38+86b3ae576f
	- fabric-rendering-v1 16.2.0+bee81f016f
	- fabric-resource-conditions-api-v1 5.0.28+33df5e6e6f
	- fabric-resource-loader-v0 3.3.1+d4d4122a6f
	- fabric-resource-loader-v1 1.0.4+14959b836f
	- fabric-screen-api-v1 3.1.0+9c82a7986f
	- fabric-screen-handler-api-v1 1.3.151+d17682156f
	- fabric-serialization-api-v1 1.0.0+d857c9766f
	- fabric-sound-api-v1 1.0.45+328a75ba6f
	- fabric-tag-api-v1 1.2.13+2fa446b26f
	- fabric-transfer-api-v1 6.0.15+79ec2c126f
	- fabric-transitive-access-wideners-v1 6.5.3+41eb43436f
	- fabricloader 0.18.4
	- ferritecore 8.0.2
	- frozen 1.0.0
	- gammautils 2.4.9
	- immediatelyfast 1.13.4+1.21.10
	   \-- net_lenni0451_reflect 1.6.1+curseforge
	- iris 1.9.7+mc1.21.10
	   |-- io_github_douira_glsl-transformer 3.0.0-pre3
	   |-- org_anarres_jcpp 1.4.14
	   \-- org_antlr_antlr4-runtime 4.13.1
	- java 21
	- minecraft 1.21.10
	- mixinextras 0.5.0
	- modmenu 16.0.0
	   \-- placeholder-api 2.8.0+1.21.9
	- sodium 0.7.3+mc1.21.10
[20:58:04] [pool-2-thread-6/WARN] (FabricLoader/ModRemap) Cannot remap renderSingleBlock because it does not exists in any of the targets [net/minecraft/class_776]
[20:58:04] [pool-2-thread-5/WARN] (FabricLoader/ModRemap) Cannot remap lambda$addSkyPass$8 because it does not exists in any of the targets [net/minecraft/class_761]
[20:58:04] [pool-2-thread-2/WARN] (FabricLoader/ModRemap) Cannot remap lambda$addMainPass$1 because it does not exists in any of the targets [net/minecraft/class_761]
[20:58:04] [pool-2-thread-2/WARN] (FabricLoader/ModRemap) Cannot remap lambda$addParticlesPass$2 because it does not exists in any of the targets [net/minecraft/class_761]
[20:58:04] [pool-2-thread-2/WARN] (FabricLoader/ModRemap) Cannot remap lambda$addParticlesPass$2 because it does not exists in any of the targets [net/minecraft/class_761]
[20:58:04] [pool-2-thread-4/WARN] (FabricLoader/ModRemap) Cannot remap lambda$addSkyPass$8 because it does not exists in any of the targets [net/minecraft/class_761]
[20:58:04] [pool-2-thread-11/WARN] (FabricLoader/ModRemap) Cannot remap lambda$addMainPass$1 because it does not exists in any of the targets [net/minecraft/class_761]
[20:58:04] [pool-2-thread-3/WARN] (FabricLoader/ModRemap) Cannot remap lambda$tick$3 because it does not exists in any of the targets [net/minecraft/class_4897]
[20:58:04] [pool-2-thread-7/WARN] (FabricLoader/ModRemap) Cannot remap push because it does not exists in any of the targets [net/minecraft/class_287]
[20:58:04] [pool-2-thread-12/WARN] (FabricLoader/ModRemap) Cannot remap lambda$submit$0 because it does not exists in any of the targets [net/minecraft/class_840]
[20:58:04] [pool-2-thread-11/WARN] (FabricLoader/ModRemap) Cannot remap lambda$addSkyPass$8 because it does not exists in any of the targets [net/minecraft/class_761]
[20:58:04] [pool-2-thread-11/WARN] (FabricLoader/ModRemap) Cannot remap lambda$addSkyPass$8 because it does not exists in any of the targets [net/minecraft/class_761]
[20:58:04] [pool-2-thread-11/WARN] (FabricLoader/ModRemap) Cannot remap lambda$addCloudsPass$3 because it does not exists in any of the targets [net/minecraft/class_761]
[20:58:04] [pool-2-thread-11/WARN] (FabricLoader/ModRemap) Cannot remap lambda$addCloudsPass$3 because it does not exists in any of the targets [net/minecraft/class_761]
[20:58:04] [pool-2-thread-11/WARN] (FabricLoader/ModRemap) Cannot remap lambda$addMainPass$1 because it does not exists in any of the targets [net/minecraft/class_761]
[20:58:04] [pool-2-thread-11/WARN] (FabricLoader/ModRemap) Cannot remap lambda$addWeatherPass$4 because it does not exists in any of the targets [net/minecraft/class_761]
[20:58:04] [pool-2-thread-11/WARN] (FabricLoader/ModRemap) Cannot remap lambda$addWeatherPass$4 because it does not exists in any of the targets [net/minecraft/class_761]
[20:58:04] [pool-2-thread-11/WARN] (FabricLoader/ModRemap) Cannot remap lambda$addWeatherPass$4 because it does not exists in any of the targets [net/minecraft/class_761]
[20:58:04] [pool-2-thread-11/WARN] (FabricLoader/ModRemap) Cannot remap lambda$addMainPass$1 because it does not exists in any of the targets [net/minecraft/class_761]
[20:58:04] [pool-2-thread-11/WARN] (FabricLoader/ModRemap) Cannot remap lambda$addMainPass$1 because it does not exists in any of the targets [net/minecraft/class_761]
[20:58:04] [pool-2-thread-11/WARN] (FabricLoader/ModRemap) Cannot remap lambda$addMainPass$1 because it does not exists in any of the targets [net/minecraft/class_761]
[20:58:04] [pool-2-thread-11/WARN] (FabricLoader/ModRemap) Cannot remap lambda$reload$3 because it does not exists in any of the targets [net/minecraft/class_1060]
[20:58:04] [pool-2-thread-2/WARN] (FabricLoader/ModRemap) Cannot remap iterateVisibleBlockEntities because it does not exists in any of the targets [net/minecraft/class_761]
[20:58:04] [pool-2-thread-14/WARN] (FabricLoader/ModRemap) Cannot remap lambda$init$2 because it does not exists in any of the targets [net/minecraft/class_429]
[20:58:04] [pool-2-thread-3/WARN] (FabricLoader/ModRemap) Cannot remap getRenderLayers because it does not exists in any of the targets [net/minecraft/class_4696]
[20:58:04] [pool-2-thread-3/WARN] (FabricLoader/ModRemap) Cannot remap sodium$setActive because it does not exists in any of the targets [net/minecraft/class_7764]
[20:58:07] [main/INFO] (FabricLoader/Mixin) SpongePowered MIXIN Subsystem Version=0.8.7 Source=file:/C:/Users/enric/.gradle/caches/modules-2/files-2.1/net.fabricmc/sponge-mixin/0.17.0+mixin.0.8.7/cf31463202f72d03b0ef1e1e38e8ee71b7faaab6/sponge-mixin-0.17.0+mixin.0.8.7.jar Service=Knot/Fabric Env=CLIENT
[20:58:07] [main/INFO] (FabricLoader/Mixin) Loaded Fabric development mappings for mixin remapper!
[20:58:07] [main/INFO] (FabricLoader/Mixin) Compatibility level set to JAVA_21
[20:58:07] [main/WARN] (FabricLoader/Mixin) Reference map 'iris.refmap.json' for mixins.iris.json could not be read. If this is a development environment you can ignore this message
[20:58:07] [main/WARN] (FabricLoader/Mixin) Reference map 'iris-fabric.refmap.json' for mixins.iris.fabric.json could not be read. If this is a development environment you can ignore this message
[20:58:07] [main/WARN] (FabricLoader/Mixin) Reference map 'iris.refmap.json' for mixins.iris.fantastic.json could not be read. If this is a development environment you can ignore this message
[20:58:07] [main/WARN] (FabricLoader/Mixin) Reference map 'iris.refmap.json' for mixins.iris.vertexformat.json could not be read. If this is a development environment you can ignore this message
[20:58:07] [main/WARN] (FabricLoader/Mixin) Reference map 'iris.refmap.json' for mixins.iris.bettermipmaps.json could not be read. If this is a development environment you can ignore this message
[20:58:07] [main/WARN] (FabricLoader/Mixin) Reference map 'iris.refmap.json' for mixins.iris.compat.sodium.json could not be read. If this is a development environment you can ignore this message
[20:58:07] [main/WARN] (FabricLoader/Mixin) Reference map 'iris.refmap.json' for mixins.iris.fixes.maxfpscrash.json could not be read. If this is a development environment you can ignore this message
[20:58:07] [main/INFO] (Sodium) Loaded configuration file for Sodium: 42 options available, 1 override(s) found
[20:58:08] [main/WARN] (Sodium) Force-disabling mixin 'features.render.world.sky.FogRendererMixin' as rule 'mixin.features.render.world.sky' (added by mods [iris]) disables it and children
[20:58:08] [main/WARN] (Sodium) Force-disabling mixin 'features.render.world.sky.ClientLevelMixin' as rule 'mixin.features.render.world.sky' (added by mods [iris]) disables it and children
[20:58:08] [main/WARN] (Sodium) Force-disabling mixin 'features.render.world.sky.LevelRendererMixin' as rule 'mixin.features.render.world.sky' (added by mods [iris]) disables it and children
[20:58:08] [main/INFO] (Sodium-GraphicsAdapterProbe) Searching for graphics cards...
[20:58:08] [main/INFO] (Sodium-GraphicsAdapterProbe) Found graphics adapter: AdapterInfo{vendor=AMD, description='AMD Radeon(TM) Graphics', adapterType=0x00002303, openglIcdFilePath='C:\WINDOWS\System32\DriverStore\FileRepository\u0417878.inf_amd64_cf56f0cbce08e931\B417693\atig6pxx.dll', openglIcdVersion=32.0.21025.1024}
[20:58:08] [main/INFO] (Sodium-GraphicsAdapterProbe) Found graphics adapter: AdapterInfo{vendor=AMD, description='AMD Radeon RX 9070 XT', adapterType=0x0000230B, openglIcdFilePath='C:\WINDOWS\System32\DriverStore\FileRepository\u0420384.inf_amd64_800dfe79eb9316db\B420106\atig6pxx.dll', openglIcdVersion=32.0.22021.1009}
[20:58:08] [main/INFO] (FabricLoader/MixinExtras|Service) Initializing MixinExtras via com.llamalad7.mixinextras.service.MixinExtrasServiceImpl(version=0.5.0).
[20:58:09] [main/INFO] (DevAuth) Successfully logged in as dtRico
[20:58:10] [Datafixer Bootstrap/INFO] (Minecraft) 278 Datafixer optimizations took 529 milliseconds
[20:58:15] [main/INFO] (Minecraft) Completely ignored arguments: [--userType=msa, --userProperties={}]
[20:58:15] [Render thread/INFO] (Minecraft) Environment: Environment[sessionHost=https://sessionserver.mojang.com, servicesHost=https://api.minecraftservices.com, profilesHost=https://api.mojang.com, name=PROD]
[20:58:15] [Render thread/INFO] (Minecraft) Setting user: dtRico
[20:58:16] [Render thread/INFO] (frozen) Initializing Frozen...
[20:58:16] [Render thread/INFO] (Mod Menu/Update Checker) Checking mod updates...
[20:58:16] [Render thread/INFO] (Minecraft) [STDOUT]: [LibGui] Initializing Client...
[20:58:16] [Render thread/INFO] (barrl) Initialized Synnerz/Barrl library
[20:58:16] [Render thread/INFO] (Indigo) [Indigo] Different rendering plugin detected; not applying Indigo.
[20:58:16] [ForkJoinPool.commonPool-worker-1/WARN] (Iris) [Iris Update Check] This version doesn't have an update index, skipping.
[20:58:16] [Render thread/INFO] (Minecraft) Backend library: LWJGL version 3.3.3-snapshot
[20:58:17] [Render thread/INFO] (ImmediatelyFast) Initializing ImmediatelyFast 1.13.4+1.21.10 on AMD Radeon RX 9070 XT (ATI Technologies Inc.) with OpenGL 3.3.0 Core Profile Context 25.10.2.251010
[20:58:17] [Render thread/INFO] (ImmediatelyFast) Found Iris 1.9.7+mc1.21.10. Enabling compatibility.
[20:58:17] [Render thread/INFO] (Iris) Debug functionality is disabled.
[20:58:17] [Render thread/INFO] (Iris) ARB_direct_state_access detected, enabling DSA.
[20:58:17] [Render thread/INFO] (Iris) Shaders are disabled because no valid shaderpack is selected
[20:58:17] [Render thread/INFO] (Minecraft) OpenGL Vendor: ATI Technologies Inc.
[20:58:17] [Render thread/INFO] (Minecraft) OpenGL Renderer: AMD Radeon RX 9070 XT
[20:58:17] [Render thread/INFO] (Minecraft) OpenGL Version: 3.3.0 Core Profile Context 25.10.2.251010
[20:58:17] [Render thread/INFO] (Minecraft) Using optional rendering extensions: GL_ARB_buffer_storage, GL_KHR_debug, GL_ARB_vertex_attrib_binding, GL_ARB_direct_state_access
[20:58:18] [Render thread/INFO] (Iris) Hardware information:
[20:58:18] [Render thread/INFO] (Iris) CPU: 16x AMD Ryzen 7 7800X3D 8-Core Processor 
[20:58:18] [Render thread/INFO] (Iris) GPU: AMD Radeon RX 9070 XT (Supports OpenGL 3.3.0 Core Profile Context 25.10.2.251010)
[20:58:18] [Render thread/INFO] (Iris) OS: Windows 11 (10.0)
[20:58:18] [Render thread/INFO] (Minecraft) Reloading ResourceManager: vanilla, fabric, barrl, cloth-config, cubes-without-borders, devauth, entityculling, fabric-api, fabric-api-base, fabric-api-lookup-api-v1, fabric-biome-api-v1, fabric-block-api-v1, fabric-block-view-api-v2, fabric-client-gametest-api-v1, fabric-command-api-v2, fabric-content-registries-v0, fabric-convention-tags-v1, fabric-convention-tags-v2, fabric-crash-report-info-v1, fabric-data-attachment-api-v1, fabric-data-generation-api-v1, fabric-dimensions-v1, fabric-entity-events-v1, fabric-events-interaction-v0, fabric-game-rule-api-v1, fabric-gametest-api-v1, fabric-item-api-v1, fabric-item-group-api-v1, fabric-key-binding-api-v1, fabric-language-kotlin, fabric-lifecycle-events-v1, fabric-loot-api-v2, fabric-loot-api-v3, fabric-message-api-v1, fabric-model-loading-api-v1, fabric-networking-api-v1, fabric-object-builder-api-v1, fabric-particles-v1, fabric-recipe-api-v1, fabric-registry-sync-v0, fabric-renderer-api-v1, fabric-renderer-indigo, fabric-rendering-fluids-v1, fabric-rendering-v1, fabric-resource-conditions-api-v1, fabric-resource-loader-v0, fabric-resource-loader-v1, fabric-screen-api-v1, fabric-screen-handler-api-v1, fabric-serialization-api-v1, fabric-sound-api-v1, fabric-tag-api-v1, fabric-transfer-api-v1, fabric-transitive-access-wideners-v1, fabricloader, frozen, gammautils, immediatelyfast, iris, modmenu, placeholder-api, sodium, trender
[20:58:18] [Worker-Main-7/INFO] (Minecraft) Found unifont_pua-16.0.03.hex, loading
[20:58:18] [Worker-Main-15/INFO] (Minecraft) Found unifont_all_no_pua-16.0.03.hex, loading
[20:58:18] [Worker-Main-7/INFO] (Minecraft) Found unifont_jp_patch-16.0.03.hex, loading
[20:58:19] [Render thread/INFO] (Minecraft) OpenAL initialized on device OpenAL Soft on Speakers (SteelSeries Arctis 1 Wireless)
[20:58:19] [Render thread/INFO] (Minecraft) Sound engine started
[20:58:19] [Render thread/INFO] (Minecraft) Created: 512x256x0 minecraft:textures/atlas/particles.png-atlas
[20:58:19] [Render thread/INFO] (Minecraft) Created: 128x64x0 minecraft:textures/atlas/decorated_pot.png-atlas
[20:58:19] [Render thread/INFO] (Minecraft) Created: 2048x1024x0 minecraft:textures/atlas/armor_trims.png-atlas
[20:58:19] [Render thread/INFO] (Minecraft) Created: 512x256x0 minecraft:textures/atlas/paintings.png-atlas
[20:58:19] [Render thread/INFO] (Minecraft) Created: 512x512x0 minecraft:textures/atlas/shield_patterns.png-atlas
[20:58:19] [Render thread/INFO] (Minecraft) Created: 1024x512x4 minecraft:textures/atlas/blocks.png-atlas
[20:58:19] [Render thread/INFO] (Minecraft) Created: 512x256x0 minecraft:textures/atlas/chest.png-atlas
[20:58:19] [Render thread/INFO] (Minecraft) Created: 512x512x0 minecraft:textures/atlas/banner_patterns.png-atlas
[20:58:19] [Render thread/INFO] (Minecraft) Created: 512x256x0 minecraft:textures/atlas/beds.png-atlas
[20:58:19] [Render thread/INFO] (Minecraft) Created: 1024x1024x0 minecraft:textures/atlas/gui.png-atlas
[20:58:19] [Render thread/INFO] (Minecraft) Created: 64x64x0 minecraft:textures/atlas/map_decorations.png-atlas
[20:58:19] [Render thread/INFO] (Minecraft) Created: 256x256x0 minecraft:textures/atlas/signs.png-atlas
[20:58:19] [Render thread/INFO] (Minecraft) Created: 512x256x0 minecraft:textures/atlas/shulker_boxes.png-atlas
[20:58:19] [Render thread/INFO] (Iris) Creating pipeline for dimension minecraft:overworld
[20:59:00] [Render thread/INFO] (Minecraft) Connecting to mc.hypixel.net, 25565
[20:59:03] [Render thread/INFO] (Iris) Reloading pipeline on dimension change: minecraft:overworld => minecraft:overworld
[20:59:03] [Render thread/INFO] (Iris) Destroying pipeline minecraft:overworld
[20:59:03] [Render thread/INFO] (Iris) Creating pipeline for dimension minecraft:overworld
[20:59:03] [Render thread/INFO] (ChunkBuilder) Started 10 worker threads
[20:59:03] [Render thread/INFO] (Minecraft) [System] [CHAT]                          
[20:59:03] [Render thread/INFO] (Minecraft) Resizing Dynamic Transforms UBO, capacity limit of 2 reached during a single frame. New capacity will be 4.
[20:59:03] [Render thread/INFO] (Minecraft) Resizing Dynamic Transforms UBO, capacity limit of 4 reached during a single frame. New capacity will be 8.
[20:59:03] [Render thread/INFO] (Minecraft) [System] [CHAT] §b[MVP§3+§b] dtRico§f §6joined the lobby!
[20:59:03] [Render thread/INFO] (Minecraft) [System] [CHAT] §aYou have §b71 §aunclaimed leveling rewards!
[20:59:03] [Render thread/INFO] (Minecraft) [System] [CHAT] §eClick here to view them!
[20:59:03] [Render thread/INFO] (Minecraft) Resizing Dynamic Transforms UBO, capacity limit of 8 reached during a single frame. New capacity will be 16.
[20:59:03] [Worker-Main-3/ERROR] (Minecraft) Failed to verify signature on property Property[name=textures, value=eyJ0ZXh0dXJlcyI6eyJTS0lOIjp7InVybCI6Imh0dHA6Ly90ZXh0dXJlcy5taW5lY3JhZnQubmV0L3RleHR1cmUvMzUxMTM3ZTExNDQzYThmYmIwNWZjZDNjY2MxYWY5YmQyMzAzOTE4ZjM1NDQ4MTg1ZTNlZDk2ZWYxODRkYSJ9fX0=, signature=]
java.security.SignatureException: Bad signature length: got 0 but was expecting 512
	at java.base/sun.security.rsa.RSASignature.engineVerify(RSASignature.java:212) ~[?:?]
	at java.base/java.security.Signature$Delegate.engineVerify(Signature.java:1422) ~[?:?]
	at java.base/java.security.Signature.verify(Signature.java:790) ~[?:?]
	at knot/com.mojang.authlib.yggdrasil.YggdrasilServicesKeyInfo.validateProperty(YggdrasilServicesKeyInfo.java:165) ~[authlib-7.0.61.jar:?]
	at knot/com.mojang.authlib.yggdrasil.YggdrasilMinecraftSessionService.lambda$getPropertySignatureState$0(YggdrasilMinecraftSessionService.java:185) ~[authlib-7.0.61.jar:?]
	at java.base/java.util.stream.MatchOps$1MatchSink.accept(MatchOps.java:90) ~[?:?]
	at java.base/java.util.AbstractList$RandomAccessSpliterator.tryAdvance(AbstractList.java:708) ~[?:?]
	at java.base/java.util.stream.ReferencePipeline.forEachWithCancel(ReferencePipeline.java:129) ~[?:?]
	at java.base/java.util.stream.AbstractPipeline.copyIntoWithCancel(AbstractPipeline.java:527) ~[?:?]
	at java.base/java.util.stream.AbstractPipeline.copyInto(AbstractPipeline.java:513) ~[?:?]
	at java.base/java.util.stream.AbstractPipeline.wrapAndCopyInto(AbstractPipeline.java:499) ~[?:?]
	at java.base/java.util.stream.MatchOps$MatchOp.evaluateSequential(MatchOps.java:230) ~[?:?]
	at java.base/java.util.stream.MatchOps$MatchOp.evaluateSequential(MatchOps.java:196) ~[?:?]
	at java.base/java.util.stream.AbstractPipeline.evaluate(AbstractPipeline.java:234) ~[?:?]
	at java.base/java.util.stream.ReferencePipeline.noneMatch(ReferencePipeline.java:642) ~[?:?]
	at knot/com.mojang.authlib.yggdrasil.YggdrasilMinecraftSessionService.getPropertySignatureState(YggdrasilMinecraftSessionService.java:185) ~[authlib-7.0.61.jar:?]
	at knot/com.mojang.authlib.yggdrasil.YggdrasilMinecraftSessionService.unpackTextures(YggdrasilMinecraftSessionService.java:128) ~[authlib-7.0.61.jar:?]
	at knot/net.minecraft.client.resources.SkinManager$1.method_54647(SkinManager.java:60) ~[minecraft-merged-6227aad8ee-1.21.10-loom.mappings.1_21_10.layered+hash.2198-v2.jar:?]
	at java.base/java.util.concurrent.CompletableFuture$AsyncSupply.run(CompletableFuture.java:1768) [?:?]
	at java.base/java.util.concurrent.CompletableFuture$AsyncSupply.exec(CompletableFuture.java:1760) [?:?]
	at java.base/java.util.concurrent.ForkJoinTask.doExec(ForkJoinTask.java:387) [?:?]
	at java.base/java.util.concurrent.ForkJoinPool$WorkQueue.topLevelExec(ForkJoinPool.java:1312) [?:?]
	at java.base/java.util.concurrent.ForkJoinPool.scan(ForkJoinPool.java:1843) [?:?]
	at java.base/java.util.concurrent.ForkJoinPool.runWorker(ForkJoinPool.java:1808) [?:?]
	at java.base/java.util.concurrent.ForkJoinWorkerThread.run(ForkJoinWorkerThread.java:188) [?:?]
[20:59:03] [Worker-Main-3/ERROR] (Minecraft) Failed to verify signature on property Property[name=textures, value=eyJ0ZXh0dXJlcyI6eyJTS0lOIjp7InVybCI6Imh0dHA6Ly90ZXh0dXJlcy5taW5lY3JhZnQubmV0L3RleHR1cmUvMzUxMTM3ZTExNDQzYThmYmIwNWZjZDNjY2MxYWY5YmQyMzAzOTE4ZjM1NDQ4MTg1ZTNlZDk2ZWYxODRkYSJ9fX0=, signature=]
java.security.SignatureException: Bad signature length: got 0 but was expecting 512
	at java.base/sun.security.rsa.RSASignature.engineVerify(RSASignature.java:212) ~[?:?]
	at java.base/java.security.Signature$Delegate.engineVerify(Signature.java:1422) ~[?:?]
	at java.base/java.security.Signature.verify(Signature.java:790) ~[?:?]
	at knot/com.mojang.authlib.yggdrasil.YggdrasilServicesKeyInfo.validateProperty(YggdrasilServicesKeyInfo.java:165) ~[authlib-7.0.61.jar:?]
	at knot/com.mojang.authlib.yggdrasil.YggdrasilMinecraftSessionService.lambda$getPropertySignatureState$0(YggdrasilMinecraftSessionService.java:185) ~[authlib-7.0.61.jar:?]
	at java.base/java.util.stream.MatchOps$1MatchSink.accept(MatchOps.java:90) ~[?:?]
	at java.base/java.util.AbstractList$RandomAccessSpliterator.tryAdvance(AbstractList.java:708) ~[?:?]
	at java.base/java.util.stream.ReferencePipeline.forEachWithCancel(ReferencePipeline.java:129) ~[?:?]
	at java.base/java.util.stream.AbstractPipeline.copyIntoWithCancel(AbstractPipeline.java:527) ~[?:?]
	at java.base/java.util.stream.AbstractPipeline.copyInto(AbstractPipeline.java:513) ~[?:?]
	at java.base/java.util.stream.AbstractPipeline.wrapAndCopyInto(AbstractPipeline.java:499) ~[?:?]
	at java.base/java.util.stream.MatchOps$MatchOp.evaluateSequential(MatchOps.java:230) ~[?:?]
	at java.base/java.util.stream.MatchOps$MatchOp.evaluateSequential(MatchOps.java:196) ~[?:?]
	at java.base/java.util.stream.AbstractPipeline.evaluate(AbstractPipeline.java:234) ~[?:?]
	at java.base/java.util.stream.ReferencePipeline.noneMatch(ReferencePipeline.java:642) ~[?:?]
	at knot/com.mojang.authlib.yggdrasil.YggdrasilMinecraftSessionService.getPropertySignatureState(YggdrasilMinecraftSessionService.java:185) ~[authlib-7.0.61.jar:?]
	at knot/com.mojang.authlib.yggdrasil.YggdrasilMinecraftSessionService.unpackTextures(YggdrasilMinecraftSessionService.java:128) ~[authlib-7.0.61.jar:?]
	at knot/net.minecraft.client.resources.SkinManager$1.method_54647(SkinManager.java:60) ~[minecraft-merged-6227aad8ee-1.21.10-loom.mappings.1_21_10.layered+hash.2198-v2.jar:?]
	at java.base/java.util.concurrent.CompletableFuture$AsyncSupply.run(CompletableFuture.java:1768) [?:?]
	at java.base/java.util.concurrent.CompletableFuture$AsyncSupply.exec(CompletableFuture.java:1760) [?:?]
	at java.base/java.util.concurrent.ForkJoinTask.doExec(ForkJoinTask.java:387) [?:?]
	at java.base/java.util.concurrent.ForkJoinPool$WorkQueue.topLevelExec(ForkJoinPool.java:1312) [?:?]
	at java.base/java.util.concurrent.ForkJoinPool.scan(ForkJoinPool.java:1843) [?:?]
	at java.base/java.util.concurrent.ForkJoinPool.runWorker(ForkJoinPool.java:1808) [?:?]
	at java.base/java.util.concurrent.ForkJoinWorkerThread.run(ForkJoinWorkerThread.java:188) [?:?]
[20:59:03] [Worker-Main-3/WARN] (Minecraft) Profile contained invalid signature for textures property (profile id: 04049c90-d3e9-4621-9caf-00000aaa7888)
[20:59:04] [Worker-Main-3/ERROR] (Minecraft) Failed to verify signature on property Property[name=textures, value=eyJ0ZXh0dXJlcyI6eyJTS0lOIjp7InVybCI6Imh0dHA6Ly90ZXh0dXJlcy5taW5lY3JhZnQubmV0L3RleHR1cmUvZjJiYTg2NmM2MzViYzE4MDUwNjVhZjhhMDI0N2RjNzdiNTBlOWJjZWZkOThiZTNmOTNlODBjMjlmMzlmMzlhYSJ9fX0=, signature=]
java.security.SignatureException: Bad signature length: got 0 but was expecting 512
	at java.base/sun.security.rsa.RSASignature.engineVerify(RSASignature.java:212) ~[?:?]
	at java.base/java.security.Signature$Delegate.engineVerify(Signature.java:1422) ~[?:?]
	at java.base/java.security.Signature.verify(Signature.java:790) ~[?:?]
	at knot/com.mojang.authlib.yggdrasil.YggdrasilServicesKeyInfo.validateProperty(YggdrasilServicesKeyInfo.java:165) ~[authlib-7.0.61.jar:?]
	at knot/com.mojang.authlib.yggdrasil.YggdrasilMinecraftSessionService.lambda$getPropertySignatureState$0(YggdrasilMinecraftSessionService.java:185) ~[authlib-7.0.61.jar:?]
	at java.base/java.util.stream.MatchOps$1MatchSink.accept(MatchOps.java:90) ~[?:?]
	at java.base/java.util.AbstractList$RandomAccessSpliterator.tryAdvance(AbstractList.java:708) ~[?:?]
	at java.base/java.util.stream.ReferencePipeline.forEachWithCancel(ReferencePipeline.java:129) ~[?:?]
	at java.base/java.util.stream.AbstractPipeline.copyIntoWithCancel(AbstractPipeline.java:527) ~[?:?]
	at java.base/java.util.stream.AbstractPipeline.copyInto(AbstractPipeline.java:513) ~[?:?]
	at java.base/java.util.stream.AbstractPipeline.wrapAndCopyInto(AbstractPipeline.java:499) ~[?:?]
	at java.base/java.util.stream.MatchOps$MatchOp.evaluateSequential(MatchOps.java:230) ~[?:?]
	at java.base/java.util.stream.MatchOps$MatchOp.evaluateSequential(MatchOps.java:196) ~[?:?]
	at java.base/java.util.stream.AbstractPipeline.evaluate(AbstractPipeline.java:234) ~[?:?]
	at java.base/java.util.stream.ReferencePipeline.noneMatch(ReferencePipeline.java:642) ~[?:?]
	at knot/com.mojang.authlib.yggdrasil.YggdrasilMinecraftSessionService.getPropertySignatureState(YggdrasilMinecraftSessionService.java:185) ~[authlib-7.0.61.jar:?]
	at knot/com.mojang.authlib.yggdrasil.YggdrasilMinecraftSessionService.unpackTextures(YggdrasilMinecraftSessionService.java:128) ~[authlib-7.0.61.jar:?]
	at knot/net.minecraft.client.resources.SkinManager$1.method_54647(SkinManager.java:60) ~[minecraft-merged-6227aad8ee-1.21.10-loom.mappings.1_21_10.layered+hash.2198-v2.jar:?]
	at java.base/java.util.concurrent.CompletableFuture$AsyncSupply.run(CompletableFuture.java:1768) [?:?]
	at java.base/java.util.concurrent.CompletableFuture$AsyncSupply.exec(CompletableFuture.java:1760) [?:?]
	at java.base/java.util.concurrent.ForkJoinTask.doExec(ForkJoinTask.java:387) [?:?]
	at java.base/java.util.concurrent.ForkJoinPool$WorkQueue.topLevelExec(ForkJoinPool.java:1312) [?:?]
	at java.base/java.util.concurrent.ForkJoinPool.scan(ForkJoinPool.java:1843) [?:?]
	at java.base/java.util.concurrent.ForkJoinPool.runWorker(ForkJoinPool.java:1808) [?:?]
	at java.base/java.util.concurrent.ForkJoinWorkerThread.run(ForkJoinWorkerThread.java:188) [?:?]
[20:59:04] [Worker-Main-3/ERROR] (Minecraft) Failed to verify signature on property Property[name=textures, value=eyJ0ZXh0dXJlcyI6eyJTS0lOIjp7InVybCI6Imh0dHA6Ly90ZXh0dXJlcy5taW5lY3JhZnQubmV0L3RleHR1cmUvZjJiYTg2NmM2MzViYzE4MDUwNjVhZjhhMDI0N2RjNzdiNTBlOWJjZWZkOThiZTNmOTNlODBjMjlmMzlmMzlhYSJ9fX0=, signature=]
java.security.SignatureException: Bad signature length: got 0 but was expecting 512
	at java.base/sun.security.rsa.RSASignature.engineVerify(RSASignature.java:212) ~[?:?]
	at java.base/java.security.Signature$Delegate.engineVerify(Signature.java:1422) ~[?:?]
	at java.base/java.security.Signature.verify(Signature.java:790) ~[?:?]
	at knot/com.mojang.authlib.yggdrasil.YggdrasilServicesKeyInfo.validateProperty(YggdrasilServicesKeyInfo.java:165) ~[authlib-7.0.61.jar:?]
	at knot/com.mojang.authlib.yggdrasil.YggdrasilMinecraftSessionService.lambda$getPropertySignatureState$0(YggdrasilMinecraftSessionService.java:185) ~[authlib-7.0.61.jar:?]
	at java.base/java.util.stream.MatchOps$1MatchSink.accept(MatchOps.java:90) ~[?:?]
	at java.base/java.util.AbstractList$RandomAccessSpliterator.tryAdvance(AbstractList.java:708) ~[?:?]
	at java.base/java.util.stream.ReferencePipeline.forEachWithCancel(ReferencePipeline.java:129) ~[?:?]
	at java.base/java.util.stream.AbstractPipeline.copyIntoWithCancel(AbstractPipeline.java:527) ~[?:?]
	at java.base/java.util.stream.AbstractPipeline.copyInto(AbstractPipeline.java:513) ~[?:?]
	at java.base/java.util.stream.AbstractPipeline.wrapAndCopyInto(AbstractPipeline.java:499) ~[?:?]
	at java.base/java.util.stream.MatchOps$MatchOp.evaluateSequential(MatchOps.java:230) ~[?:?]
	at java.base/java.util.stream.MatchOps$MatchOp.evaluateSequential(MatchOps.java:196) ~[?:?]
	at java.base/java.util.stream.AbstractPipeline.evaluate(AbstractPipeline.java:234) ~[?:?]
	at java.base/java.util.stream.ReferencePipeline.noneMatch(ReferencePipeline.java:642) ~[?:?]
	at knot/com.mojang.authlib.yggdrasil.YggdrasilMinecraftSessionService.getPropertySignatureState(YggdrasilMinecraftSessionService.java:185) ~[authlib-7.0.61.jar:?]
	at knot/com.mojang.authlib.yggdrasil.YggdrasilMinecraftSessionService.unpackTextures(YggdrasilMinecraftSessionService.java:128) ~[authlib-7.0.61.jar:?]
	at knot/net.minecraft.client.resources.SkinManager$1.method_54647(SkinManager.java:60) ~[minecraft-merged-6227aad8ee-1.21.10-loom.mappings.1_21_10.layered+hash.2198-v2.jar:?]
	at java.base/java.util.concurrent.CompletableFuture$AsyncSupply.run(CompletableFuture.java:1768) [?:?]
	at java.base/java.util.concurrent.CompletableFuture$AsyncSupply.exec(CompletableFuture.java:1760) [?:?]
	at java.base/java.util.concurrent.ForkJoinTask.doExec(ForkJoinTask.java:387) [?:?]
	at java.base/java.util.concurrent.ForkJoinPool$WorkQueue.topLevelExec(ForkJoinPool.java:1312) [?:?]
	at java.base/java.util.concurrent.ForkJoinPool.scan(ForkJoinPool.java:1843) [?:?]
	at java.base/java.util.concurrent.ForkJoinPool.runWorker(ForkJoinPool.java:1808) [?:?]
	at java.base/java.util.concurrent.ForkJoinWorkerThread.run(ForkJoinWorkerThread.java:188) [?:?]
[20:59:04] [Worker-Main-3/WARN] (Minecraft) Profile contained invalid signature for textures property (profile id: 04049c90-d3e9-4621-9caf-0000aaa54428)
[20:59:04] [Worker-Main-3/ERROR] (Minecraft) Failed to verify signature on property Property[name=textures, value=eyJ0ZXh0dXJlcyI6eyJTS0lOIjp7InVybCI6Imh0dHA6Ly90ZXh0dXJlcy5taW5lY3JhZnQubmV0L3RleHR1cmUvNzgzYWFhZWUyMjg2OGNhZmRhYTFmNmY0YTBlNTZiMGZkYjY0Y2QwYWVhYWJkNmU4MzgxOGMzMTJlYmU2NjQzNyJ9fX0=, signature=]
java.security.SignatureException: Bad signature length: got 0 but was expecting 512
	at java.base/sun.security.rsa.RSASignature.engineVerify(RSASignature.java:212) ~[?:?]
	at java.base/java.security.Signature$Delegate.engineVerify(Signature.java:1422) ~[?:?]
	at java.base/java.security.Signature.verify(Signature.java:790) ~[?:?]
	at knot/com.mojang.authlib.yggdrasil.YggdrasilServicesKeyInfo.validateProperty(YggdrasilServicesKeyInfo.java:165) ~[authlib-7.0.61.jar:?]
	at knot/com.mojang.authlib.yggdrasil.YggdrasilMinecraftSessionService.lambda$getPropertySignatureState$0(YggdrasilMinecraftSessionService.java:185) ~[authlib-7.0.61.jar:?]
	at java.base/java.util.stream.MatchOps$1MatchSink.accept(MatchOps.java:90) ~[?:?]
	at java.base/java.util.AbstractList$RandomAccessSpliterator.tryAdvance(AbstractList.java:708) ~[?:?]
	at java.base/java.util.stream.ReferencePipeline.forEachWithCancel(ReferencePipeline.java:129) ~[?:?]
	at java.base/java.util.stream.AbstractPipeline.copyIntoWithCancel(AbstractPipeline.java:527) ~[?:?]
	at java.base/java.util.stream.AbstractPipeline.copyInto(AbstractPipeline.java:513) ~[?:?]
	at java.base/java.util.stream.AbstractPipeline.wrapAndCopyInto(AbstractPipeline.java:499) ~[?:?]
	at java.base/java.util.stream.MatchOps$MatchOp.evaluateSequential(MatchOps.java:230) ~[?:?]
	at java.base/java.util.stream.MatchOps$MatchOp.evaluateSequential(MatchOps.java:196) ~[?:?]
	at java.base/java.util.stream.AbstractPipeline.evaluate(AbstractPipeline.java:234) ~[?:?]
	at java.base/java.util.stream.ReferencePipeline.noneMatch(ReferencePipeline.java:642) ~[?:?]
	at knot/com.mojang.authlib.yggdrasil.YggdrasilMinecraftSessionService.getPropertySignatureState(YggdrasilMinecraftSessionService.java:185) ~[authlib-7.0.61.jar:?]
	at knot/com.mojang.authlib.yggdrasil.YggdrasilMinecraftSessionService.unpackTextures(YggdrasilMinecraftSessionService.java:128) ~[authlib-7.0.61.jar:?]
	at knot/net.minecraft.client.resources.SkinManager$1.method_54647(SkinManager.java:60) ~[minecraft-merged-6227aad8ee-1.21.10-loom.mappings.1_21_10.layered+hash.2198-v2.jar:?]
	at java.base/java.util.concurrent.CompletableFuture$AsyncSupply.run(CompletableFuture.java:1768) [?:?]
	at java.base/java.util.concurrent.CompletableFuture$AsyncSupply.exec(CompletableFuture.java:1760) [?:?]
	at java.base/java.util.concurrent.ForkJoinTask.doExec(ForkJoinTask.java:387) [?:?]
	at java.base/java.util.concurrent.ForkJoinPool$WorkQueue.topLevelExec(ForkJoinPool.java:1312) [?:?]
	at java.base/java.util.concurrent.ForkJoinPool.scan(ForkJoinPool.java:1843) [?:?]
	at java.base/java.util.concurrent.ForkJoinPool.runWorker(ForkJoinPool.java:1808) [?:?]
	at java.base/java.util.concurrent.ForkJoinWorkerThread.run(ForkJoinWorkerThread.java:188) [?:?]
[20:59:04] [Worker-Main-3/ERROR] (Minecraft) Failed to verify signature on property Property[name=textures, value=eyJ0ZXh0dXJlcyI6eyJTS0lOIjp7InVybCI6Imh0dHA6Ly90ZXh0dXJlcy5taW5lY3JhZnQubmV0L3RleHR1cmUvNzgzYWFhZWUyMjg2OGNhZmRhYTFmNmY0YTBlNTZiMGZkYjY0Y2QwYWVhYWJkNmU4MzgxOGMzMTJlYmU2NjQzNyJ9fX0=, signature=]
java.security.SignatureException: Bad signature length: got 0 but was expecting 512
	at java.base/sun.security.rsa.RSASignature.engineVerify(RSASignature.java:212) ~[?:?]
	at java.base/java.security.Signature$Delegate.engineVerify(Signature.java:1422) ~[?:?]
	at java.base/java.security.Signature.verify(Signature.java:790) ~[?:?]
	at knot/com.mojang.authlib.yggdrasil.YggdrasilServicesKeyInfo.validateProperty(YggdrasilServicesKeyInfo.java:165) ~[authlib-7.0.61.jar:?]
	at knot/com.mojang.authlib.yggdrasil.YggdrasilMinecraftSessionService.lambda$getPropertySignatureState$0(YggdrasilMinecraftSessionService.java:185) ~[authlib-7.0.61.jar:?]
	at java.base/java.util.stream.MatchOps$1MatchSink.accept(MatchOps.java:90) ~[?:?]
	at java.base/java.util.AbstractList$RandomAccessSpliterator.tryAdvance(AbstractList.java:708) ~[?:?]
	at java.base/java.util.stream.ReferencePipeline.forEachWithCancel(ReferencePipeline.java:129) ~[?:?]
	at java.base/java.util.stream.AbstractPipeline.copyIntoWithCancel(AbstractPipeline.java:527) ~[?:?]
	at java.base/java.util.stream.AbstractPipeline.copyInto(AbstractPipeline.java:513) ~[?:?]
	at java.base/java.util.stream.AbstractPipeline.wrapAndCopyInto(AbstractPipeline.java:499) ~[?:?]
	at java.base/java.util.stream.MatchOps$MatchOp.evaluateSequential(MatchOps.java:230) ~[?:?]
	at java.base/java.util.stream.MatchOps$MatchOp.evaluateSequential(MatchOps.java:196) ~[?:?]
	at java.base/java.util.stream.AbstractPipeline.evaluate(AbstractPipeline.java:234) ~[?:?]
	at java.base/java.util.stream.ReferencePipeline.noneMatch(ReferencePipeline.java:642) ~[?:?]
	at knot/com.mojang.authlib.yggdrasil.YggdrasilMinecraftSessionService.getPropertySignatureState(YggdrasilMinecraftSessionService.java:185) ~[authlib-7.0.61.jar:?]
	at knot/com.mojang.authlib.yggdrasil.YggdrasilMinecraftSessionService.unpackTextures(YggdrasilMinecraftSessionService.java:128) ~[authlib-7.0.61.jar:?]
	at knot/net.minecraft.client.resources.SkinManager$1.method_54647(SkinManager.java:60) ~[minecraft-merged-6227aad8ee-1.21.10-loom.mappings.1_21_10.layered+hash.2198-v2.jar:?]
	at java.base/java.util.concurrent.CompletableFuture$AsyncSupply.run(CompletableFuture.java:1768) [?:?]
	at java.base/java.util.concurrent.CompletableFuture$AsyncSupply.exec(CompletableFuture.java:1760) [?:?]
	at java.base/java.util.concurrent.ForkJoinTask.doExec(ForkJoinTask.java:387) [?:?]
	at java.base/java.util.concurrent.ForkJoinPool$WorkQueue.topLevelExec(ForkJoinPool.java:1312) [?:?]
	at java.base/java.util.concurrent.ForkJoinPool.scan(ForkJoinPool.java:1843) [?:?]
	at java.base/java.util.concurrent.ForkJoinPool.runWorker(ForkJoinPool.java:1808) [?:?]
	at java.base/java.util.concurrent.ForkJoinWorkerThread.run(ForkJoinWorkerThread.java:188) [?:?]
[20:59:04] [Worker-Main-3/WARN] (Minecraft) Profile contained invalid signature for textures property (profile id: 04049c90-d3e9-4621-9caf-0000aaa64717)
[20:59:04] [Worker-Main-3/ERROR] (Minecraft) Failed to verify signature on property Property[name=textures, value=eyJ0ZXh0dXJlcyI6eyJTS0lOIjp7InVybCI6Imh0dHA6Ly90ZXh0dXJlcy5taW5lY3JhZnQubmV0L3RleHR1cmUvMTNkNjNjOTNjZGQ2ZGIyZjFlZmYyZTNjNDJjZmVhNmQzN2ZiZjViYzJlMzc2MzcyMGU4MTY4NjQyZWM5ZGExIn19fQ==, signature=]
java.security.SignatureException: Bad signature length: got 0 but was expecting 512
	at java.base/sun.security.rsa.RSASignature.engineVerify(RSASignature.java:212) ~[?:?]
	at java.base/java.security.Signature$Delegate.engineVerify(Signature.java:1422) ~[?:?]
	at java.base/java.security.Signature.verify(Signature.java:790) ~[?:?]
	at knot/com.mojang.authlib.yggdrasil.YggdrasilServicesKeyInfo.validateProperty(YggdrasilServicesKeyInfo.java:165) ~[authlib-7.0.61.jar:?]
	at knot/com.mojang.authlib.yggdrasil.YggdrasilMinecraftSessionService.lambda$getPropertySignatureState$0(YggdrasilMinecraftSessionService.java:185) ~[authlib-7.0.61.jar:?]
	at java.base/java.util.stream.MatchOps$1MatchSink.accept(MatchOps.java:90) ~[?:?]
	at java.base/java.util.AbstractList$RandomAccessSpliterator.tryAdvance(AbstractList.java:708) ~[?:?]
	at java.base/java.util.stream.ReferencePipeline.forEachWithCancel(ReferencePipeline.java:129) ~[?:?]
	at java.base/java.util.stream.AbstractPipeline.copyIntoWithCancel(AbstractPipeline.java:527) ~[?:?]
	at java.base/java.util.stream.AbstractPipeline.copyInto(AbstractPipeline.java:513) ~[?:?]
	at java.base/java.util.stream.AbstractPipeline.wrapAndCopyInto(AbstractPipeline.java:499) ~[?:?]
	at java.base/java.util.stream.MatchOps$MatchOp.evaluateSequential(MatchOps.java:230) ~[?:?]
	at java.base/java.util.stream.MatchOps$MatchOp.evaluateSequential(MatchOps.java:196) ~[?:?]
	at java.base/java.util.stream.AbstractPipeline.evaluate(AbstractPipeline.java:234) ~[?:?]
	at java.base/java.util.stream.ReferencePipeline.noneMatch(ReferencePipeline.java:642) ~[?:?]
	at knot/com.mojang.authlib.yggdrasil.YggdrasilMinecraftSessionService.getPropertySignatureState(YggdrasilMinecraftSessionService.java:185) ~[authlib-7.0.61.jar:?]
	at knot/com.mojang.authlib.yggdrasil.YggdrasilMinecraftSessionService.unpackTextures(YggdrasilMinecraftSessionService.java:128) ~[authlib-7.0.61.jar:?]
	at knot/net.minecraft.client.resources.SkinManager$1.method_54647(SkinManager.java:60) ~[minecraft-merged-6227aad8ee-1.21.10-loom.mappings.1_21_10.layered+hash.2198-v2.jar:?]
	at java.base/java.util.concurrent.CompletableFuture$AsyncSupply.run(CompletableFuture.java:1768) [?:?]
	at java.base/java.util.concurrent.CompletableFuture$AsyncSupply.exec(CompletableFuture.java:1760) [?:?]
	at java.base/java.util.concurrent.ForkJoinTask.doExec(ForkJoinTask.java:387) [?:?]
	at java.base/java.util.concurrent.ForkJoinPool$WorkQueue.topLevelExec(ForkJoinPool.java:1312) [?:?]
	at java.base/java.util.concurrent.ForkJoinPool.scan(ForkJoinPool.java:1843) [?:?]
	at java.base/java.util.concurrent.ForkJoinPool.runWorker(ForkJoinPool.java:1808) [?:?]
	at java.base/java.util.concurrent.ForkJoinWorkerThread.run(ForkJoinWorkerThread.java:188) [?:?]
[20:59:04] [Worker-Main-3/ERROR] (Minecraft) Failed to verify signature on property Property[name=textures, value=eyJ0ZXh0dXJlcyI6eyJTS0lOIjp7InVybCI6Imh0dHA6Ly90ZXh0dXJlcy5taW5lY3JhZnQubmV0L3RleHR1cmUvMTNkNjNjOTNjZGQ2ZGIyZjFlZmYyZTNjNDJjZmVhNmQzN2ZiZjViYzJlMzc2MzcyMGU4MTY4NjQyZWM5ZGExIn19fQ==, signature=]
java.security.SignatureException: Bad signature length: got 0 but was expecting 512
	at java.base/sun.security.rsa.RSASignature.engineVerify(RSASignature.java:212) ~[?:?]
	at java.base/java.security.Signature$Delegate.engineVerify(Signature.java:1422) ~[?:?]
	at java.base/java.security.Signature.verify(Signature.java:790) ~[?:?]
	at knot/com.mojang.authlib.yggdrasil.YggdrasilServicesKeyInfo.validateProperty(YggdrasilServicesKeyInfo.java:165) ~[authlib-7.0.61.jar:?]
	at knot/com.mojang.authlib.yggdrasil.YggdrasilMinecraftSessionService.lambda$getPropertySignatureState$0(YggdrasilMinecraftSessionService.java:185) ~[authlib-7.0.61.jar:?]
	at java.base/java.util.stream.MatchOps$1MatchSink.accept(MatchOps.java:90) ~[?:?]
	at java.base/java.util.AbstractList$RandomAccessSpliterator.tryAdvance(AbstractList.java:708) ~[?:?]
	at java.base/java.util.stream.ReferencePipeline.forEachWithCancel(ReferencePipeline.java:129) ~[?:?]
	at java.base/java.util.stream.AbstractPipeline.copyIntoWithCancel(AbstractPipeline.java:527) ~[?:?]
	at java.base/java.util.stream.AbstractPipeline.copyInto(AbstractPipeline.java:513) ~[?:?]
	at java.base/java.util.stream.AbstractPipeline.wrapAndCopyInto(AbstractPipeline.java:499) ~[?:?]
	at java.base/java.util.stream.MatchOps$MatchOp.evaluateSequential(MatchOps.java:230) ~[?:?]
	at java.base/java.util.stream.MatchOps$MatchOp.evaluateSequential(MatchOps.java:196) ~[?:?]
	at java.base/java.util.stream.AbstractPipeline.evaluate(AbstractPipeline.java:234) ~[?:?]
	at java.base/java.util.stream.ReferencePipeline.noneMatch(ReferencePipeline.java:642) ~[?:?]
	at knot/com.mojang.authlib.yggdrasil.YggdrasilMinecraftSessionService.getPropertySignatureState(YggdrasilMinecraftSessionService.java:185) ~[authlib-7.0.61.jar:?]
	at knot/com.mojang.authlib.yggdrasil.YggdrasilMinecraftSessionService.unpackTextures(YggdrasilMinecraftSessionService.java:128) ~[authlib-7.0.61.jar:?]
	at knot/net.minecraft.client.resources.SkinManager$1.method_54647(SkinManager.java:60) ~[minecraft-merged-6227aad8ee-1.21.10-loom.mappings.1_21_10.layered+hash.2198-v2.jar:?]
	at java.base/java.util.concurrent.CompletableFuture$AsyncSupply.run(CompletableFuture.java:1768) [?:?]
	at java.base/java.util.concurrent.CompletableFuture$AsyncSupply.exec(CompletableFuture.java:1760) [?:?]
	at java.base/java.util.concurrent.ForkJoinTask.doExec(ForkJoinTask.java:387) [?:?]
	at java.base/java.util.concurrent.ForkJoinPool$WorkQueue.topLevelExec(ForkJoinPool.java:1312) [?:?]
	at java.base/java.util.concurrent.ForkJoinPool.scan(ForkJoinPool.java:1843) [?:?]
	at java.base/java.util.concurrent.ForkJoinPool.runWorker(ForkJoinPool.java:1808) [?:?]
	at java.base/java.util.concurrent.ForkJoinWorkerThread.run(ForkJoinWorkerThread.java:188) [?:?]
[20:59:04] [Worker-Main-3/WARN] (Minecraft) Profile contained invalid signature for textures property (profile id: 04049c90-d3e9-4621-9caf-0000aaa54426)
[20:59:04] [Worker-Main-3/ERROR] (Minecraft) Failed to verify signature on property Property[name=textures, value=eyJ0ZXh0dXJlcyI6eyJTS0lOIjp7InVybCI6Imh0dHA6Ly90ZXh0dXJlcy5taW5lY3JhZnQubmV0L3RleHR1cmUvZWE1YmJmOGViZDQwODgzNGVjYjZiODhmODBjYjA1NDBlYzA2OTk5N2UxZDVkNTg5MzVlMjYyYjU5YzM3NWYyOSJ9fX0=, signature=]
java.security.SignatureException: Bad signature length: got 0 but was expecting 512
	at java.base/sun.security.rsa.RSASignature.engineVerify(RSASignature.java:212) ~[?:?]
	at java.base/java.security.Signature$Delegate.engineVerify(Signature.java:1422) ~[?:?]
	at java.base/java.security.Signature.verify(Signature.java:790) ~[?:?]
	at knot/com.mojang.authlib.yggdrasil.YggdrasilServicesKeyInfo.validateProperty(YggdrasilServicesKeyInfo.java:165) ~[authlib-7.0.61.jar:?]
	at knot/com.mojang.authlib.yggdrasil.YggdrasilMinecraftSessionService.lambda$getPropertySignatureState$0(YggdrasilMinecraftSessionService.java:185) ~[authlib-7.0.61.jar:?]
	at java.base/java.util.stream.MatchOps$1MatchSink.accept(MatchOps.java:90) ~[?:?]
	at java.base/java.util.AbstractList$RandomAccessSpliterator.tryAdvance(AbstractList.java:708) ~[?:?]
	at java.base/java.util.stream.ReferencePipeline.forEachWithCancel(ReferencePipeline.java:129) ~[?:?]
	at java.base/java.util.stream.AbstractPipeline.copyIntoWithCancel(AbstractPipeline.java:527) ~[?:?]
	at java.base/java.util.stream.AbstractPipeline.copyInto(AbstractPipeline.java:513) ~[?:?]
	at java.base/java.util.stream.AbstractPipeline.wrapAndCopyInto(AbstractPipeline.java:499) ~[?:?]
	at java.base/java.util.stream.MatchOps$MatchOp.evaluateSequential(MatchOps.java:230) ~[?:?]
	at java.base/java.util.stream.MatchOps$MatchOp.evaluateSequential(MatchOps.java:196) ~[?:?]
	at java.base/java.util.stream.AbstractPipeline.evaluate(AbstractPipeline.java:234) ~[?:?]
	at java.base/java.util.stream.ReferencePipeline.noneMatch(ReferencePipeline.java:642) ~[?:?]
	at knot/com.mojang.authlib.yggdrasil.YggdrasilMinecraftSessionService.getPropertySignatureState(YggdrasilMinecraftSessionService.java:185) ~[authlib-7.0.61.jar:?]
	at knot/com.mojang.authlib.yggdrasil.YggdrasilMinecraftSessionService.unpackTextures(YggdrasilMinecraftSessionService.java:128) ~[authlib-7.0.61.jar:?]
	at knot/net.minecraft.client.resources.SkinManager$1.method_54647(SkinManager.java:60) ~[minecraft-merged-6227aad8ee-1.21.10-loom.mappings.1_21_10.layered+hash.2198-v2.jar:?]
	at java.base/java.util.concurrent.CompletableFuture$AsyncSupply.run(CompletableFuture.java:1768) [?:?]
	at java.base/java.util.concurrent.CompletableFuture$AsyncSupply.exec(CompletableFuture.java:1760) [?:?]
	at java.base/java.util.concurrent.ForkJoinTask.doExec(ForkJoinTask.java:387) [?:?]
	at java.base/java.util.concurrent.ForkJoinPool$WorkQueue.topLevelExec(ForkJoinPool.java:1312) [?:?]
	at java.base/java.util.concurrent.ForkJoinPool.scan(ForkJoinPool.java:1843) [?:?]
	at java.base/java.util.concurrent.ForkJoinPool.runWorker(ForkJoinPool.java:1808) [?:?]
	at java.base/java.util.concurrent.ForkJoinWorkerThread.run(ForkJoinWorkerThread.java:188) [?:?]
[20:59:04] [Worker-Main-3/ERROR] (Minecraft) Failed to verify signature on property Property[name=textures, value=eyJ0ZXh0dXJlcyI6eyJTS0lOIjp7InVybCI6Imh0dHA6Ly90ZXh0dXJlcy5taW5lY3JhZnQubmV0L3RleHR1cmUvZWE1YmJmOGViZDQwODgzNGVjYjZiODhmODBjYjA1NDBlYzA2OTk5N2UxZDVkNTg5MzVlMjYyYjU5YzM3NWYyOSJ9fX0=, signature=]
java.security.SignatureException: Bad signature length: got 0 but was expecting 512
	at java.base/sun.security.rsa.RSASignature.engineVerify(RSASignature.java:212) ~[?:?]
	at java.base/java.security.Signature$Delegate.engineVerify(Signature.java:1422) ~[?:?]
	at java.base/java.security.Signature.verify(Signature.java:790) ~[?:?]
	at knot/com.mojang.authlib.yggdrasil.YggdrasilServicesKeyInfo.validateProperty(YggdrasilServicesKeyInfo.java:165) ~[authlib-7.0.61.jar:?]
	at knot/com.mojang.authlib.yggdrasil.YggdrasilMinecraftSessionService.lambda$getPropertySignatureState$0(YggdrasilMinecraftSessionService.java:185) ~[authlib-7.0.61.jar:?]
	at java.base/java.util.stream.MatchOps$1MatchSink.accept(MatchOps.java:90) ~[?:?]
	at java.base/java.util.AbstractList$RandomAccessSpliterator.tryAdvance(AbstractList.java:708) ~[?:?]
	at java.base/java.util.stream.ReferencePipeline.forEachWithCancel(ReferencePipeline.java:129) ~[?:?]
	at java.base/java.util.stream.AbstractPipeline.copyIntoWithCancel(AbstractPipeline.java:527) ~[?:?]
	at java.base/java.util.stream.AbstractPipeline.copyInto(AbstractPipeline.java:513) ~[?:?]
	at java.base/java.util.stream.AbstractPipeline.wrapAndCopyInto(AbstractPipeline.java:499) ~[?:?]
	at java.base/java.util.stream.MatchOps$MatchOp.evaluateSequential(MatchOps.java:230) ~[?:?]
	at java.base/java.util.stream.MatchOps$MatchOp.evaluateSequential(MatchOps.java:196) ~[?:?]
	at java.base/java.util.stream.AbstractPipeline.evaluate(AbstractPipeline.java:234) ~[?:?]
	at java.base/java.util.stream.ReferencePipeline.noneMatch(ReferencePipeline.java:642) ~[?:?]
	at knot/com.mojang.authlib.yggdrasil.YggdrasilMinecraftSessionService.getPropertySignatureState(YggdrasilMinecraftSessionService.java:185) ~[authlib-7.0.61.jar:?]
	at knot/com.mojang.authlib.yggdrasil.YggdrasilMinecraftSessionService.unpackTextures(YggdrasilMinecraftSessionService.java:128) ~[authlib-7.0.61.jar:?]
	at knot/net.minecraft.client.resources.SkinManager$1.method_54647(SkinManager.java:60) ~[minecraft-merged-6227aad8ee-1.21.10-loom.mappings.1_21_10.layered+hash.2198-v2.jar:?]
	at java.base/java.util.concurrent.CompletableFuture$AsyncSupply.run(CompletableFuture.java:1768) [?:?]
	at java.base/java.util.concurrent.CompletableFuture$AsyncSupply.exec(CompletableFuture.java:1760) [?:?]
	at java.base/java.util.concurrent.ForkJoinTask.doExec(ForkJoinTask.java:387) [?:?]
	at java.base/java.util.concurrent.ForkJoinPool$WorkQueue.topLevelExec(ForkJoinPool.java:1312) [?:?]
	at java.base/java.util.concurrent.ForkJoinPool.scan(ForkJoinPool.java:1843) [?:?]
	at java.base/java.util.concurrent.ForkJoinPool.runWorker(ForkJoinPool.java:1808) [?:?]
	at java.base/java.util.concurrent.ForkJoinWorkerThread.run(ForkJoinWorkerThread.java:188) [?:?]
[20:59:04] [Worker-Main-3/WARN] (Minecraft) Profile contained invalid signature for textures property (profile id: 04049c90-d3e9-4621-9caf-0000aaa59140)
[20:59:04] [Render thread/INFO] (Minecraft) Resizing Dynamic Transforms UBO, capacity limit of 16 reached during a single frame. New capacity will be 32.
[20:59:05] [Worker-Main-3/ERROR] (Minecraft) Failed to verify signature on property Property[name=textures, value=eyJ0ZXh0dXJlcyI6eyJTS0lOIjp7InVybCI6Imh0dHA6Ly90ZXh0dXJlcy5taW5lY3JhZnQubmV0L3RleHR1cmUvOTdjMjE0NGZkY2I1NWMzZmMxYmYxZGU1MWNhYmRmNTJjMzg4M2JjYjU3ODkyMzIyNmJlYjBkODVjYjJkOTgwIn19fQ==, signature=]
java.security.SignatureException: Bad signature length: got 0 but was expecting 512
	at java.base/sun.security.rsa.RSASignature.engineVerify(RSASignature.java:212) ~[?:?]
	at java.base/java.security.Signature$Delegate.engineVerify(Signature.java:1422) ~[?:?]
	at java.base/java.security.Signature.verify(Signature.java:790) ~[?:?]
	at knot/com.mojang.authlib.yggdrasil.YggdrasilServicesKeyInfo.validateProperty(YggdrasilServicesKeyInfo.java:165) ~[authlib-7.0.61.jar:?]
	at knot/com.mojang.authlib.yggdrasil.YggdrasilMinecraftSessionService.lambda$getPropertySignatureState$0(YggdrasilMinecraftSessionService.java:185) ~[authlib-7.0.61.jar:?]
	at java.base/java.util.stream.MatchOps$1MatchSink.accept(MatchOps.java:90) ~[?:?]
	at java.base/java.util.AbstractList$RandomAccessSpliterator.tryAdvance(AbstractList.java:708) ~[?:?]
	at java.base/java.util.stream.ReferencePipeline.forEachWithCancel(ReferencePipeline.java:129) ~[?:?]
	at java.base/java.util.stream.AbstractPipeline.copyIntoWithCancel(AbstractPipeline.java:527) ~[?:?]
	at java.base/java.util.stream.AbstractPipeline.copyInto(AbstractPipeline.java:513) ~[?:?]
	at java.base/java.util.stream.AbstractPipeline.wrapAndCopyInto(AbstractPipeline.java:499) ~[?:?]
	at java.base/java.util.stream.MatchOps$MatchOp.evaluateSequential(MatchOps.java:230) ~[?:?]
	at java.base/java.util.stream.MatchOps$MatchOp.evaluateSequential(MatchOps.java:196) ~[?:?]
	at java.base/java.util.stream.AbstractPipeline.evaluate(AbstractPipeline.java:234) ~[?:?]
	at java.base/java.util.stream.ReferencePipeline.noneMatch(ReferencePipeline.java:642) ~[?:?]
	at knot/com.mojang.authlib.yggdrasil.YggdrasilMinecraftSessionService.getPropertySignatureState(YggdrasilMinecraftSessionService.java:185) ~[authlib-7.0.61.jar:?]
	at knot/com.mojang.authlib.yggdrasil.YggdrasilMinecraftSessionService.unpackTextures(YggdrasilMinecraftSessionService.java:128) ~[authlib-7.0.61.jar:?]
	at knot/net.minecraft.client.resources.SkinManager$1.method_54647(SkinManager.java:60) ~[minecraft-merged-6227aad8ee-1.21.10-loom.mappings.1_21_10.layered+hash.2198-v2.jar:?]
	at java.base/java.util.concurrent.CompletableFuture$AsyncSupply.run(CompletableFuture.java:1768) [?:?]
	at java.base/java.util.concurrent.CompletableFuture$AsyncSupply.exec(CompletableFuture.java:1760) [?:?]
	at java.base/java.util.concurrent.ForkJoinTask.doExec(ForkJoinTask.java:387) [?:?]
	at java.base/java.util.concurrent.ForkJoinPool$WorkQueue.topLevelExec(ForkJoinPool.java:1312) [?:?]
	at java.base/java.util.concurrent.ForkJoinPool.scan(ForkJoinPool.java:1843) [?:?]
	at java.base/java.util.concurrent.ForkJoinPool.runWorker(ForkJoinPool.java:1808) [?:?]
	at java.base/java.util.concurrent.ForkJoinWorkerThread.run(ForkJoinWorkerThread.java:188) [?:?]
[20:59:05] [Worker-Main-3/ERROR] (Minecraft) Failed to verify signature on property Property[name=textures, value=eyJ0ZXh0dXJlcyI6eyJTS0lOIjp7InVybCI6Imh0dHA6Ly90ZXh0dXJlcy5taW5lY3JhZnQubmV0L3RleHR1cmUvOTdjMjE0NGZkY2I1NWMzZmMxYmYxZGU1MWNhYmRmNTJjMzg4M2JjYjU3ODkyMzIyNmJlYjBkODVjYjJkOTgwIn19fQ==, signature=]
java.security.SignatureException: Bad signature length: got 0 but was expecting 512
	at java.base/sun.security.rsa.RSASignature.engineVerify(RSASignature.java:212) ~[?:?]
	at java.base/java.security.Signature$Delegate.engineVerify(Signature.java:1422) ~[?:?]
	at java.base/java.security.Signature.verify(Signature.java:790) ~[?:?]
	at knot/com.mojang.authlib.yggdrasil.YggdrasilServicesKeyInfo.validateProperty(YggdrasilServicesKeyInfo.java:165) ~[authlib-7.0.61.jar:?]
	at knot/com.mojang.authlib.yggdrasil.YggdrasilMinecraftSessionService.lambda$getPropertySignatureState$0(YggdrasilMinecraftSessionService.java:185) ~[authlib-7.0.61.jar:?]
	at java.base/java.util.stream.MatchOps$1MatchSink.accept(MatchOps.java:90) ~[?:?]
	at java.base/java.util.AbstractList$RandomAccessSpliterator.tryAdvance(AbstractList.java:708) ~[?:?]
	at java.base/java.util.stream.ReferencePipeline.forEachWithCancel(ReferencePipeline.java:129) ~[?:?]
	at java.base/java.util.stream.AbstractPipeline.copyIntoWithCancel(AbstractPipeline.java:527) ~[?:?]
	at java.base/java.util.stream.AbstractPipeline.copyInto(AbstractPipeline.java:513) ~[?:?]
	at java.base/java.util.stream.AbstractPipeline.wrapAndCopyInto(AbstractPipeline.java:499) ~[?:?]
	at java.base/java.util.stream.MatchOps$MatchOp.evaluateSequential(MatchOps.java:230) ~[?:?]
	at java.base/java.util.stream.MatchOps$MatchOp.evaluateSequential(MatchOps.java:196) ~[?:?]
	at java.base/java.util.stream.AbstractPipeline.evaluate(AbstractPipeline.java:234) ~[?:?]
	at java.base/java.util.stream.ReferencePipeline.noneMatch(ReferencePipeline.java:642) ~[?:?]
	at knot/com.mojang.authlib.yggdrasil.YggdrasilMinecraftSessionService.getPropertySignatureState(YggdrasilMinecraftSessionService.java:185) ~[authlib-7.0.61.jar:?]
	at knot/com.mojang.authlib.yggdrasil.YggdrasilMinecraftSessionService.unpackTextures(YggdrasilMinecraftSessionService.java:128) ~[authlib-7.0.61.jar:?]
	at knot/net.minecraft.client.resources.SkinManager$1.method_54647(SkinManager.java:60) ~[minecraft-merged-6227aad8ee-1.21.10-loom.mappings.1_21_10.layered+hash.2198-v2.jar:?]
	at java.base/java.util.concurrent.CompletableFuture$AsyncSupply.run(CompletableFuture.java:1768) [?:?]
	at java.base/java.util.concurrent.CompletableFuture$AsyncSupply.exec(CompletableFuture.java:1760) [?:?]
	at java.base/java.util.concurrent.ForkJoinTask.doExec(ForkJoinTask.java:387) [?:?]
	at java.base/java.util.concurrent.ForkJoinPool$WorkQueue.topLevelExec(ForkJoinPool.java:1312) [?:?]
	at java.base/java.util.concurrent.ForkJoinPool.scan(ForkJoinPool.java:1843) [?:?]
	at java.base/java.util.concurrent.ForkJoinPool.runWorker(ForkJoinPool.java:1808) [?:?]
	at java.base/java.util.concurrent.ForkJoinWorkerThread.run(ForkJoinWorkerThread.java:188) [?:?]
[20:59:05] [Worker-Main-3/WARN] (Minecraft) Profile contained invalid signature for textures property (profile id: 04049c90-d3e9-4621-9caf-00000aaa9248)
[20:59:05] [Render thread/INFO] (Minecraft) [System] [CHAT] §b[MVP§2+§b] Shamol1101§f §6joined the lobby!
[20:59:05] [Render thread/INFO] (Minecraft) Resizing Dynamic Transforms UBO, capacity limit of 32 reached during a single frame. New capacity will be 64.
[20:59:05] [Render thread/INFO] (Minecraft) [System] [CHAT] §b[MVP§c+§b] LostKracken§f §6joined the lobby!
[20:59:06] [Render thread/INFO] (Minecraft) [System] [CHAT]   ➤ You have reached your Hype limit! Add Hype to Prototype Lobby minigames by right-clicking with the Hype Diamond!
[20:59:06] [Render thread/INFO] (Minecraft) [System] [CHAT] Sending to server mini246N...
[20:59:06] [Render thread/INFO] (Iris) Reloading pipeline on dimension change: minecraft:overworld => minecraft:the_nether
[20:59:06] [Render thread/INFO] (Iris) Destroying pipeline minecraft:overworld
[20:59:06] [Render thread/INFO] (Iris) Creating pipeline for dimension minecraft:the_nether
[20:59:06] [Render thread/INFO] (ChunkBuilder) Stopping worker threads
[20:59:06] [Render thread/INFO] (ChunkBuilder) Started 10 worker threads
[20:59:06] [Render thread/INFO] (ChunkBuilder) Stopping worker threads
[20:59:06] [Render thread/INFO] (ChunkBuilder) Started 10 worker threads
[20:59:06] [Render thread/INFO] (Iris) Reloading pipeline on dimension change: minecraft:the_nether => hypixel:dimension_switch
[20:59:06] [Render thread/INFO] (Iris) Destroying pipeline minecraft:the_nether
[20:59:06] [Render thread/INFO] (Iris) Creating pipeline for dimension hypixel:dimension_switch
[20:59:06] [Render thread/INFO] (ChunkBuilder) Stopping worker threads
[20:59:06] [Render thread/INFO] (ChunkBuilder) Started 10 worker threads
[20:59:06] [Render thread/INFO] (ChunkBuilder) Stopping worker threads
[20:59:06] [Render thread/INFO] (ChunkBuilder) Started 10 worker threads
[20:59:06] [Render thread/INFO] (Iris) Reloading pipeline on dimension change: hypixel:dimension_switch => minecraft:the_nether
[20:59:06] [Render thread/INFO] (Iris) Destroying pipeline hypixel:dimension_switch
[20:59:06] [Render thread/INFO] (Iris) Creating pipeline for dimension minecraft:the_nether
[20:59:06] [Render thread/INFO] (ChunkBuilder) Stopping worker threads
[20:59:06] [Render thread/INFO] (ChunkBuilder) Started 10 worker threads
[20:59:06] [Render thread/INFO] (ChunkBuilder) Stopping worker threads
[20:59:06] [Render thread/INFO] (ChunkBuilder) Started 10 worker threads
[20:59:07] [Render thread/INFO] (Minecraft) [System] [CHAT]        
[20:59:09] [Render thread/WARN] (Minecraft) Received passengers for unknown entity
[20:59:12] [Render thread/INFO] (Minecraft) [System] [CHAT] 
[20:59:12] [Render thread/INFO] (Minecraft) [System] [CHAT] Welcome to Hypixel SkyBlock!
[20:59:12] [Render thread/INFO] (Minecraft) [System] [CHAT] BONUS! Temporarily earn 30% more skill experience!
[20:59:12] [Render thread/INFO] (Minecraft) [System] [CHAT] 
[20:59:12] [Render thread/INFO] (Minecraft) [System] [CHAT] §eLatest update: §bSkyBlock v0.24 §e§lCLICK
[20:59:12] [Render thread/INFO] (Minecraft) [System] [CHAT] §aYou are playing on profile: §ePapaya§b (Co-op)
[20:59:12] [Render thread/INFO] (Minecraft) [System] [CHAT] Profile ID: a256392f-cc08-4035-b927-4e697cc3a6b2
[20:59:12] [Render thread/INFO] (Minecraft) [System] [CHAT] There are blocks in the way!
[20:59:19] [Render thread/WARN] (Minecraft) Unable to play unknown soundEvent: minecraft:mob.blaze.idle
[20:59:24] [Render thread/INFO] (Minecraft) [System] [CHAT] There are blocks in the way!
[20:59:25] [Render thread/INFO] (Minecraft) [System] [CHAT] There are blocks in the way!
[20:59:25] [Render thread/INFO] (ChunkBuilder) Stopping worker threads
[20:59:26] [CullThread/INFO] (Minecraft) [STDOUT]: Shutting down culling task!
[20:59:26] [Render thread/INFO] (Minecraft) Stopping!
